.pure-g.home {display:none !important;} .pure-menu-children {-webkit-box-shadow: 2px 2px 15px 0px rgba(50,50,50,.1); -moz-box-shadow: 2px 2px 15px 0px rgba(50,50,50,.1); box-shadow: 2px 2px 15px 0px rgba(50,50,50,.1); }