---
title: Become a Sponsor
slug: become-a-sponsor
top_graphic: 5
lastmod: 2019-08-29
menu:
  main:
    weight: 40
    parent: donate
---

<h2>Why Become a Sponsor?</h2>
<p>It's time for the peoples' voice to be heard. We want climate justice now and the power of the collective is waiting to harnessed. GetCourageNow is going to make it happen and will be used by many organizations and tens of millions of activists. 
This is big, and we want you to be a part of it. Help us lead the way to a secure future for the planet and generations to come.</p>
<h2>Corporate Sponsorship</h2>
<p>Platinum
  $350,000/yr (USD)
  $300,000/yr (USD) with a 3-year commitment
  Gold
  $150,000/yr (USD)
  Gold Basic
  $85,000/yr (USD)
  Silver
  $50,000/yr (USD) 1000+ employees
  $25,000/yr (USD) 100-999 employees
  $10,000/yr (USD) 1-99 employees
  
  If you'd like to become a corporate sponsor please email <a href="mailto:gary@winwisely.org">gary@winwisely.org.</a>
  
  If sponsorship is not an option for your organization please consider simply donating any amount.</p>
  
  <h2>Our Organization</h2>
  
  <p>GetCourageNow is sponsored by the non-profit organization The Columbus Institute for Contemporary Journalists (CICJ), who publishes the Free Press (freepress.org). CICJ’s  mission is to conduct, sponsor, encourage, and support journalistic activity to help create awareness for social issues and their solutions.
   
    CICJ is an Ohio based public benefit corporation, and is recognized by the IRS as a tax-exempt organization under Section 501(c)(3) of the Internal Revenue Code.</p>

>>>>>>> Stashed changes

<!-- <p>It's time for encrypted communications to be the default on the Web and GetCourage is going to make it happen. Our certificates are used to encrypt tens of millions of websites, which has helped the HTTPS growth rate on the Web to quadruple since we launched in Q4 2015.</p>

<p>This is big, and we want you to be a part of it. Help us lead the way to a secure future for the Web.</p>

<h2>Corporate Sponsorship</h2>

<p>
<table>
  <tr style="vertical-align: top;">
    <td>Platinum</td>
    <td style="padding-left: 15px;">$350,000/yr (USD)<br>
                                    $300,000/yr (USD) with a 3-year commitment</td>
  </tr>
  <tr style="vertical-align: top;">
    <td>Gold</td>
    <td style="padding-left: 15px;">$150,000/yr (USD)</td>
  </tr>
  <td>Gold Basic</td>
    <td style="padding-left: 15px;">$85,000/yr (USD)</td>
  </tr>
  <tr style="vertical-align: top;">
    <td>Silver</td>
    <td style="padding-left: 15px;">$50,000/yr (USD) 1000+ employees<br>
                                    $25,000/yr (USD) 100-999 employees<br>
                                    $10,000/yr (USD) 1-99 employees</td>
  </tr>
</table>
</p>

<p>If you'd like to become a corporate sponsor please email <a href="mailto:sponsor@getcouragenow.org">sponsor@getcouragenow.org</a>.</p>

<p>If sponsorship is not an option for your organization please consider simply <a href="{{< ref "/donate.html" >}}">donating</a> any amount.</p>

<h2>Our Organization</h2>

<p>GetCourage is operated by a non-profit called <a href="https://www.abetterinternet.org/">Internet Security Research Group</a> (ISRG). ISRG’s mission is to reduce financial, technological, and education barriers to secure communication over the Internet.</p>

<p>ISRG is a California public benefit corporation, and is recognized by the IRS as a tax-exempt organization under Section 501(c)(3) of the Internal Revenue Code.</p> -->
