---
title: Make A Donation
linkTitle: "Make A Donation"
slug: donate
top_graphic: 5
no_donate_footer: false
lastmod: 2019-09-18
menu:
  main:
    weight: 20
    parent: donate
---

<div class="donate-page">
  <h2>GetCourage is a free, mobile friendly, open source, volunteer recruitment app that aims to help climate justice campaigns to organize and commit strikers on a mass scale. </h2>
  <div>
    <p>Use the forms below to donate.</p>
  </div>

  {{% fundraiser %}}

  <script src="https://donorbox.org/widget.js" paypalExpress="false"></script><iframe allowpaymentrequest="" frameborder="0" height="900px" name="donorbox" scrolling="no" seamless="seamless" src="https://donorbox.org/embed/main-2" style="max-width: 500px; min-width: 310px; max-height:none!important" width="100%"></iframe>


<!--   <div class="text-center">
    <p>We are able to accept Bitcoin donations equivalent to $1,000 USD or greater. Please email <a href="mailto:donate@winwisely.org">donate@winwisely.org</a> for invoicing.</p>
  </div>

  <div class="text-center">
    <p>Alternatively, you can use PayPal:</p>
    <p>
      <form action="https://www.paypal.com/cgi-bin/webscr" method="post" target="_top">
        <input type="hidden" name="cmd" value="_s-xclick">
        <input type="hidden" name="hosted_button_id" value="AF6VLVH49A3QN">
        <input type="image" src="https://www.paypal.com/en_US/i/btn/btn_donateCC_LG.gif" border="0" name="submit" alt="PayPal - The safer, easier way to pay online!">
      </form>
    </p>
  </div> -->

  <div>
    <p>WinWisely is the 501(c)(3) public benefit organization. Our EIN is: 00-0000000.</p>
  </div>
</div>