---
title: Current Sponsors and Donors
slug: sponsors
top_graphic: 5
date: 2018-06-22
menu:
  main:
    weight: 40
    parent: donate
---

<h2>Coming soon!</h2>
<p>We'd like to thank all of our sponsors and donors for making GetCourage possible. If you or your organization would like to sponsor or donate to GetCourage please <a href="{{< ref "/become-a-sponsor.html" >}}">click here</a>.</p>

<!-- {{< sponsors >}} -->

</div>
